TypeScript: No errors found
[full output: ~/.local/share/rtk/tee/1779970699_tsc.log]
